// Jest Snapshot v1, https://goo.gl/fbAQLP

exports[`Card renders correctly 1`] = `
<View
  style={
    Object {
      "backgroundColor": "#FFF",
      "borderColor": "#EEE",
      "borderRadius": 3,
      "borderWidth": 1,
      "flex": 1,
      "marginBottom": 15,
    }
  }
>
  <View
    style={
      Object {
        "padding": 15,
      }
    }
  >
    Oi
  </View>
</View>
`;
